C51 COMPILER V9.60.0.0   MAIN                                                              03/20/2022 16:27:15 PAGE 1   


C51 COMPILER V9.60.0.0, COMPILATION OF MODULE MAIN
OBJECT MODULE PLACED IN .\Objects\Main.obj
COMPILER INVOKED BY: C:\Keil_v5\C51\BIN\C51.EXE Main.c OPTIMIZE(8,SPEED) BROWSE DEBUG OBJECTEXTEND PRINT(.\Listings\Main
                    -.lst) TABS(2) OBJECT(.\Objects\Main.obj)

line level    source

   1          #include <at89c5131.h>
   2          #include "lcd.h" // Header file with LCD interfacing functions
   3          #include "MorseCode.h" // Header file for Morse Code
   4          
   5          sbit LED=P1^7;
   6          
   7          void main(void){
   8   1      
   9   1        lcd_init();
  10   1        
  11   1        P1_0 = 1;
  12   1        P1_1 = 1;
  13   1        P1_2 = 1;
  14   1        P1_3 = 1;
  15   1        P1_4 = 0;
  16   1        P1_5 = 0;
  17   1        P1_6 = 0;
  18   1        P1_7 = 0;
  19   1        
  20   1        if (P1_0 == 1) {
  21   2          lcd_init();
  22   2          lcd_write_string("A");
  23   2          morse_a();
  24   2          while (1 > 0){}
  25   2        }
  26   1        
  27   1        if (P1_1 == 1) {
  28   2          lcd_init();
  29   2          lcd_write_string("B");
  30   2          morse_b();
  31   2          while (1 > 0){}
  32   2        }
  33   1        
  34   1        if (P1_2 == 1) {
  35   2          lcd_init();
  36   2          lcd_write_string("C");
  37   2          morse_c();
  38   2          while (1 > 0){}
  39   2        }
  40   1        
  41   1        if (P1_3 == 1) {
  42   2          lcd_init();
  43   2          lcd_write_string("D");
  44   2          morse_d();
  45   2          while (1 > 0){}
  46   2        }
  47   1        
  48   1        lcd_init();
  49   1        lcd_write_string("E");
  50   1        morse_e();
  51   1        while (1 > 0){}
  52   1      
  53   1      }

C51 COMPILER V9.60.0.0   MAIN                                                              03/20/2022 16:27:15 PAGE 2   


MODULE INFORMATION:   STATIC OVERLAYABLE
   CODE SIZE        =    428    ----
   CONSTANT SIZE    =     10    ----
   XDATA SIZE       =   ----    ----
   PDATA SIZE       =   ----    ----
   DATA SIZE        =   ----       3
   IDATA SIZE       =   ----    ----
   BIT SIZE         =   ----    ----
END OF MODULE INFORMATION.


C51 COMPILATION COMPLETE.  0 WARNING(S),  0 ERROR(S)
